// Jest Snapshot v1, https://goo.gl/fbAQLP

exports[`Direction Form Test render correctly 1`] = `
<div
  className="map-container"
>
  <div />
</div>
`;
